Retraining 186 models with 15 features...
Features: ['RSI_14', 'MACD', 'BB_pct', 'BB_width', 'vol_ratio', 'dist_SMA50', 'mom_5d', 'mom_20d', 'overnight_gap', 'vol_price_div', 'mean_rev_z', 'vol_regime', 'rsi_divergence', 'body_ratio', 'ret_skew']

CoinGecko market_chart for ETH-USD: 180 candles, latest $2,019.26
CoinGecko market_chart for XRP-USD: 180 candles, latest $1.35
CoinGecko market_chart for BNB-USD: 180 candles, latest $615.67
CoinGecko market_chart for BTC-USD: 180 candles, latest $66,750.72
CoinGecko market_chart for DOGE-USD: 180 candles, latest $0.09
CoinGecko market_chart for SOL-USD: 180 candles, latest $83.21
[1/186] ✓ SOL-USD: 131 rows, classes=['BUY', 'HOLD', 'SELL']
[2/186] ✓ ETH-USD: 131 rows, classes=['BUY', 'HOLD', 'SELL']
[3/186] ✓ DOGE-USD: 131 rows, classes=['BUY', 'HOLD', 'SELL']
[4/186] ✓ BTC-USD: 131 rows, classes=['BUY', 'HOLD', 'SELL']
[5/186] ✓ BNB-USD: 131 rows, classes=['BUY', 'HOLD', 'SELL']
[6/186] ✓ XRP-USD: 131 rows, classes=['BUY', 'HOLD', 'SELL']
CoinGecko insufficient data for ADA-USD: 0 points
CoinGecko insufficient data for DOT-USD: 0 points
CoinGecko insufficient data for LINK-USD: 0 points
CoinGecko insufficient data for MATIC-USD: 0 points
CoinGecko insufficient data for AVAX-USD: 0 points
CoinGecko insufficient data for LTC-USD: 0 points
[7/186] ✓ MATIC-USD: 679 rows, classes=['BUY', 'HOLD', 'SELL']
[8/186] ✓ LINK-USD: 1048 rows, classes=['BUY', 'HOLD', 'SELL']
CoinGecko insufficient data for ATOM-USD: 0 points
[9/186] ✓ DOT-USD: 1048 rows, classes=['BUY', 'HOLD', 'SELL']
[10/186] ✓ AVAX-USD: 1048 rows, classes=['BUY', 'HOLD', 'SELL']
[11/186] ✓ ADA-USD: 1048 rows, classes=['BUY', 'HOLD', 'SELL']
[12/186] ✓ LTC-USD: 1048 rows, classes=['BUY', 'HOLD', 'SELL']
CoinGecko insufficient data for NEAR-USD: 0 points
CoinGecko insufficient data for OP-USD: 0 points
CoinGecko insufficient data for INJ-USD: 0 points
[13/186] ✓ APT-USD: 654 rows, classes=['BUY', 'HOLD', 'SELL']
[14/186] ✓ ARB-USD: 593 rows, classes=['BUY', 'HOLD', 'SELL']
CoinGecko insufficient data for FET-USD: 0 points
[15/186] ✓ ATOM-USD: 1048 rows, classes=['BUY', 'HOLD', 'SELL']
[16/186] ✓ NEAR-USD: 1048 rows, classes=['BUY', 'HOLD', 'SELL']
[17/186] ✓ OP-USD: 1048 rows, classes=['BUY', 'HOLD', 'SELL']
[18/186] ✓ INJ-USD: 1048 rows, classes=['BUY', 'HOLD', 'SELL']
[19/186] ✓ RENDER-USD: 1048 rows, classes=['BUY', 'HOLD', 'SELL']
[20/186] ✓ ^GSPC: 704 rows, classes=['BUY', 'HOLD', 'SELL']
[21/186] ✓ FET-USD: 1048 rows, classes=['BUY', 'HOLD', 'SELL']
[22/186] ✓ ^IXIC: 704 rows, classes=['BUY', 'HOLD', 'SELL']
[23/186] ✓ ^DJI: 704 rows, classes=['BUY', 'HOLD', 'SELL']
[24/186] ✓ ^RUT: 704 rows, classes=['BUY', 'HOLD', 'SELL']
[25/186] ✓ ^VIX: 705 rows, classes=['BUY', 'HOLD', 'SELL']
[26/186] ✓ ^FTSE: 705 rows, classes=['BUY', 'HOLD', 'SELL']
[27/186] ✓ ^N225: 686 rows, classes=['BUY', 'HOLD', 'SELL']
[28/186] ✓ ^GDAXI: 714 rows, classes=['BUY', 'HOLD', 'SELL']
[29/186] ✓ ^HSI: 688 rows, classes=['BUY', 'HOLD', 'SELL']
[30/186] ✓ SPY: 704 rows, classes=['BUY', 'HOLD', 'SELL']
[31/186] ✓ QQQ: 704 rows, classes=['BUY', 'HOLD', 'SELL']
[32/186] ✓ IWM: 704 rows, classes=['BUY', 'HOLD', 'SELL']
[33/186] ✓ SLV: 704 rows, classes=['BUY', 'HOLD', 'SELL']
[34/186] ✓ GLD: 704 rows, classes=['BUY', 'HOLD', 'SELL']
[35/186] ✓ TLT: 704 rows, classes=['BUY', 'HOLD', 'SELL']
[36/186] ✓ XLE: 704 rows, classes=['BUY', 'HOLD', 'SELL']
[37/186] ✓ XLF: 704 rows, classes=['BUY', 'HOLD', 'SELL']
[38/186] ✓ XLK: 704 rows, classes=['BUY', 'HOLD', 'SELL']
[39/186] ✓ ARKK: 704 rows, classes=['BUY', 'HOLD', 'SELL']
[40/186] ✓ XLV: 704 rows, classes=['BUY', 'HOLD', 'SELL']
[41/186] ✓ IEMG: 704 rows, classes=['BUY', 'HOLD', 'SELL']
[42/186] ✓ HYG: 704 rows, classes=['BUY', 'HOLD', 'SELL']
[43/186] ✓ AAPL: 704 rows, classes=['BUY', 'HOLD', 'SELL']
[44/186] ✓ MSFT: 704 rows, classes=['BUY', 'HOLD', 'SELL']
[45/186] ✓ GOOGL: 704 rows, classes=['BUY', 'HOLD', 'SELL']
[46/186] ✓ AMZN: 704 rows, classes=['BUY', 'HOLD', 'SELL']
[47/186] ✓ NVDA: 704 rows, classes=['BUY', 'HOLD', 'SELL']
[48/186] ✓ TSLA: 704 rows, classes=['BUY', 'HOLD', 'SELL']
[49/186] ✓ META: 692 rows, classes=['BUY', 'HOLD', 'SELL']
[50/186] ✓ NFLX: 704 rows, classes=['BUY', 'HOLD', 'SELL']
[51/186] ✓ AMD: 704 rows, classes=['BUY', 'HOLD', 'SELL']
[52/186] ✓ CRM: 704 rows, classes=['BUY', 'HOLD', 'SELL']
[53/186] ✓ ORCL: 704 rows, classes=['BUY', 'HOLD', 'SELL']
[54/186] ✓ INTC: 704 rows, classes=['BUY', 'HOLD', 'SELL']
[55/186] ✓ PYPL: 704 rows, classes=['BUY', 'HOLD', 'SELL']
[56/186] ✓ QCOM: 704 rows, classes=['BUY', 'HOLD', 'SELL']
[57/186] ✓ SHOP: 704 rows, classes=['BUY', 'HOLD', 'SELL']
[58/186] ✓ UBER: 704 rows, classes=['BUY', 'HOLD', 'SELL']
[59/186] ✓ COIN: 704 rows, classes=['BUY', 'HOLD', 'SELL']
[60/186] ✓ PLTR: 704 rows, classes=['BUY', 'HOLD', 'SELL']
[61/186] ✓ MSTR: 704 rows, classes=['BUY', 'HOLD', 'SELL']
[62/186] ✓ JPM: 704 rows, classes=['BUY', 'HOLD', 'SELL']
[63/186] ✓ GS: 704 rows, classes=['BUY', 'HOLD', 'SELL']
[64/186] ✓ BAC: 704 rows, classes=['BUY', 'HOLD', 'SELL']
[65/186] ✓ V: 704 rows, classes=['BUY', 'HOLD', 'SELL']
[66/186] ✓ MA: 704 rows, classes=['BUY', 'HOLD', 'SELL']
[67/186] ✓ DIS: 704 rows, classes=['BUY', 'HOLD', 'SELL']
[68/186] ✓ BABA: 704 rows, classes=['BUY', 'HOLD', 'SELL']
[69/186] ✓ TSM: 704 rows, classes=['BUY', 'HOLD', 'SELL']
[70/186] ✓ ASML: 704 rows, classes=['BUY', 'HOLD', 'SELL']
[71/186] ✓ ABNB: 704 rows, classes=['BUY', 'HOLD', 'SELL']
[72/186] ✓ SNOW: 704 rows, classes=['BUY', 'HOLD', 'SELL']
[73/186] ✓ NET: 704 rows, classes=['BUY', 'HOLD', 'SELL']
[74/186] ✓ GC=F: 678 rows, classes=['BUY', 'HOLD', 'SELL']
[75/186] ✓ CL=F: 706 rows, classes=['BUY', 'HOLD', 'SELL']
[76/186] ✓ SI=F: 615 rows, classes=['BUY', 'HOLD', 'SELL']
[77/186] ✓ NG=F: 707 rows, classes=['BUY', 'HOLD', 'SELL']
[78/186] ✓ HG=F: 694 rows, classes=['BUY', 'HOLD', 'SELL']
[79/186] ✓ EURUSD=X: 730 rows, classes=['BUY', 'HOLD', 'SELL']
[80/186] ✓ ZW=F: 673 rows, classes=['BUY', 'HOLD', 'SELL']
[81/186] ✓ GBPUSD=X: 730 rows, classes=['BUY', 'HOLD', 'SELL']
[82/186] ✓ USDJPY=X: 730 rows, classes=['BUY', 'HOLD', 'SELL']
[83/186] ✓ USDCAD=X: 730 rows, classes=['BUY', 'HOLD', 'SELL']
[84/186] ✓ AUDUSD=X: 730 rows, classes=['BUY', 'HOLD', 'SELL']
[85/186] ✓ USDINR=X: 730 rows, classes=['BUY', 'HOLD', 'SELL']
[86/186] ✓ USDCHF=X: 730 rows, classes=['BUY', 'HOLD', 'SELL']
[87/186] ✓ ^NSEI: 689 rows, classes=['BUY', 'HOLD', 'SELL']
[88/186] ✓ ^NSEBANK: 690 rows, classes=['BUY', 'HOLD', 'SELL']
[89/186] ✓ TCS.NS: 690 rows, classes=['BUY', 'HOLD', 'SELL']
[90/186] ✓ RELIANCE.NS: 690 rows, classes=['BUY', 'HOLD', 'SELL']
[91/186] ✓ INFY.NS: 690 rows, classes=['BUY', 'HOLD', 'SELL']
[92/186] ✓ HDFCBANK.NS: 690 rows, classes=['BUY', 'HOLD', 'SELL']
[93/186] ✓ WIPRO.NS: 690 rows, classes=['BUY', 'HOLD', 'SELL']
[94/186] ✓ ICICIBANK.NS: 690 rows, classes=['BUY', 'HOLD', 'SELL']
[95/186] ✓ BAJFINANCE.NS: 690 rows, classes=['BUY', 'HOLD', 'SELL']
[96/186] ✓ HCLTECH.NS: 690 rows, classes=['BUY', 'HOLD', 'SELL']
[97/186] ✓ KOTAKBANK.NS: 690 rows, classes=['BUY', 'HOLD', 'SELL']
[98/186] ✓ TECHM.NS: 690 rows, classes=['BUY', 'HOLD', 'SELL']
[99/186] ✓ SBIN.NS: 690 rows, classes=['BUY', 'HOLD', 'SELL']
[100/186] ✓ AXISBANK.NS: 690 rows, classes=['BUY', 'HOLD', 'SELL']
[101/186] ✓ ADANIENT.NS: 690 rows, classes=['BUY', 'HOLD', 'SELL']
[102/186] ✓ ADANIPORTS.NS: 690 rows, classes=['BUY', 'HOLD', 'SELL']
[103/186] ✓ ADANIGREEN.NS: 690 rows, classes=['BUY', 'HOLD', 'SELL']
[104/186] ✓ BAJAJ-AUTO.NS: 689 rows, classes=['BUY', 'HOLD', 'SELL']
[105/186] ✓ SUNPHARMA.NS: 690 rows, classes=['BUY', 'HOLD', 'SELL']
[106/186] ✓ MARUTI.NS: 690 rows, classes=['BUY', 'HOLD', 'SELL']
[107/186] ✓ DRREDDY.NS: 690 rows, classes=['BUY', 'HOLD', 'SELL']
[108/186] ✓ CIPLA.NS: 690 rows, classes=['BUY', 'HOLD', 'SELL']
[109/186] ✓ ONGC.NS: 690 rows, classes=['BUY', 'HOLD', 'SELL']
[110/186] ✓ COALINDIA.NS: 690 rows, classes=['BUY', 'HOLD', 'SELL']
[111/186] ✓ JSWSTEEL.NS: 690 rows, classes=['BUY', 'HOLD', 'SELL']
[112/186] ✓ TATASTEEL.NS: 690 rows, classes=['BUY', 'HOLD', 'SELL']
[113/186] ✓ HINDUNILVR.NS: 690 rows, classes=['BUY', 'HOLD', 'SELL']
[114/186] ✓ ITC.NS: 691 rows, classes=['BUY', 'HOLD', 'SELL']
[115/186] ✓ ASIANPAINT.NS: 690 rows, classes=['BUY', 'HOLD', 'SELL']
[116/186] ✓ TITAN.NS: 690 rows, classes=['BUY', 'HOLD', 'SELL']
[117/186] ✓ LT.NS: 690 rows, classes=['BUY', 'HOLD', 'SELL']
[118/186] ✓ POWERGRID.NS: 690 rows, classes=['BUY', 'HOLD', 'SELL']
[119/186] ✓ NTPC.NS: 690 rows, classes=['BUY', 'HOLD', 'SELL']
[120/186] ✓ GAIL.NS: 690 rows, classes=['BUY', 'HOLD', 'SELL']
[121/186] ✓ IOC.NS: 690 rows, classes=['BUY', 'HOLD', 'SELL']
[122/186] ✓ BPCL.NS: 690 rows, classes=['BUY', 'HOLD', 'SELL']
[123/186] ✓ HINDPETRO.NS: 690 rows, classes=['BUY', 'HOLD', 'SELL']
[124/186] ✓ SAIL.NS: 690 rows, classes=['BUY', 'HOLD', 'SELL']
[125/186] ✓ NMDC.NS: 690 rows, classes=['BUY', 'HOLD', 'SELL']
[126/186] ✓ BHEL.NS: 690 rows, classes=['BUY', 'HOLD', 'SELL']
[127/186] ✓ CONCOR.NS: 690 rows, classes=['BUY', 'HOLD', 'SELL']
[128/186] ✓ TATAPOWER.NS: 690 rows, classes=['BUY', 'HOLD', 'SELL']
[129/186] ✓ MUTHOOTFIN.NS: 690 rows, classes=['BUY', 'HOLD', 'SELL']
[130/186] ✓ BAJAJFINSV.NS: 690 rows, classes=['BUY', 'HOLD', 'SELL']
[131/186] ✓ CHOLAFIN.NS: 690 rows, classes=['BUY', 'HOLD', 'SELL']
[132/186] ✓ SBILIFE.NS: 690 rows, classes=['BUY', 'HOLD', 'SELL']
[133/186] ✓ HDFCLIFE.NS: 690 rows, classes=['BUY', 'HOLD', 'SELL']
[134/186] ✓ ICICIGI.NS: 690 rows, classes=['BUY', 'HOLD', 'SELL']
[135/186] ✓ LICI.NS: 689 rows, classes=['BUY', 'HOLD', 'SELL']
[136/186] ✓ INDUSINDBK.NS: 690 rows, classes=['BUY', 'HOLD', 'SELL']
[137/186] ✓ BANKBARODA.NS: 690 rows, classes=['BUY', 'HOLD', 'SELL']
[138/186] ✓ PNB.NS: 690 rows, classes=['BUY', 'HOLD', 'SELL']
[139/186] ✓ CANBK.NS: 690 rows, classes=['BUY', 'HOLD', 'SELL']
[140/186] ✓ UNIONBANK.NS: 690 rows, classes=['BUY', 'HOLD', 'SELL']
[141/186] ✓ ABCAPITAL.NS: 690 rows, classes=['BUY', 'HOLD', 'SELL']
[142/186] ✓ DIVISLAB.NS: 690 rows, classes=['BUY', 'HOLD', 'SELL']
[143/186] ✓ APOLLOHOSP.NS: 690 rows, classes=['BUY', 'HOLD', 'SELL']
[144/186] ✓ AUROPHARMA.NS: 690 rows, classes=['BUY', 'HOLD', 'SELL']
[145/186] ✓ TORNTPHARM.NS: 690 rows, classes=['BUY', 'HOLD', 'SELL']
[146/186] ✓ LUPIN.NS: 690 rows, classes=['BUY', 'HOLD', 'SELL']
[147/186] ✓ BIOCON.NS: 690 rows, classes=['BUY', 'HOLD', 'SELL']
[148/186] ✓ NESTLEIND.NS: 690 rows, classes=['BUY', 'HOLD', 'SELL']
[149/186] ✓ BRITANNIA.NS: 690 rows, classes=['BUY', 'HOLD', 'SELL']
[150/186] ✓ TATACONSUM.NS: 690 rows, classes=['BUY', 'HOLD', 'SELL']
[151/186] ✓ MARICO.NS: 690 rows, classes=['BUY', 'HOLD', 'SELL']
[152/186] ✓ DABUR.NS: 690 rows, classes=['BUY', 'HOLD', 'SELL']
[153/186] ✓ COLPAL.NS: 690 rows, classes=['BUY', 'HOLD', 'SELL']
[154/186] ✓ GODREJCP.NS: 690 rows, classes=['BUY', 'HOLD', 'SELL']
[155/186] ✓ TRENT.NS: 690 rows, classes=['BUY', 'HOLD', 'SELL']
[156/186] ✓ IRCTC.NS: 690 rows, classes=['BUY', 'HOLD', 'SELL']
[157/186] ✓ NAUKRI.NS: 690 rows, classes=['BUY', 'HOLD', 'SELL']
[158/186] ✓ PAYTM.NS: 681 rows, classes=['BUY', 'HOLD', 'SELL']
[159/186] ✓ NYKAA.NS: 689 rows, classes=['BUY', 'HOLD', 'SELL']
[160/186] ✓ POLICYBZR.NS: 689 rows, classes=['BUY', 'HOLD', 'SELL']
[161/186] ✓ DMART.NS: 688 rows, classes=['BUY', 'HOLD', 'SELL']
[162/186] ✓ PIDILITIND.NS: 690 rows, classes=['BUY', 'HOLD', 'SELL']
[163/186] ✓ BERGEPAINT.NS: 690 rows, classes=['BUY', 'HOLD', 'SELL']
[164/186] ✓ ULTRACEMCO.NS: 690 rows, classes=['BUY', 'HOLD', 'SELL']
[165/186] ✓ GRASIM.NS: 690 rows, classes=['BUY', 'HOLD', 'SELL']
[166/186] ✓ SHREECEM.NS: 690 rows, classes=['BUY', 'HOLD', 'SELL']
[167/186] ✓ HAVELLS.NS: 690 rows, classes=['BUY', 'HOLD', 'SELL']
[168/186] ✓ VOLTAS.NS: 690 rows, classes=['BUY', 'HOLD', 'SELL']
[169/186] ✓ SIEMENS.NS: 690 rows, classes=['BUY', 'HOLD', 'SELL']
[170/186] ✓ ABB.NS: 690 rows, classes=['BUY', 'HOLD', 'SELL']
[171/186] ✓ CUMMINSIND.NS: 690 rows, classes=['BUY', 'HOLD', 'SELL']
[172/186] ✓ EICHERMOT.NS: 690 rows, classes=['BUY', 'HOLD', 'SELL']
[173/186] ✓ HEROMOTOCO.NS: 690 rows, classes=['BUY', 'HOLD', 'SELL']
[174/186] ✓ TVSMOTOR.NS: 690 rows, classes=['BUY', 'HOLD', 'SELL']
[175/186] ✓ ASHOKLEY.NS: 690 rows, classes=['BUY', 'HOLD', 'SELL']
[176/186] ✓ ESCORTS.NS: 690 rows, classes=['BUY', 'HOLD', 'SELL']
[177/186] ✓ BALKRISIND.NS: 690 rows, classes=['BUY', 'HOLD', 'SELL']
[178/186] ✓ MRF.NS: 690 rows, classes=['BUY', 'HOLD', 'SELL']
[179/186] ✓ HINDALCO.NS: 690 rows, classes=['BUY', 'HOLD', 'SELL']
[180/186] ✓ MPHASIS.NS: 690 rows, classes=['BUY', 'HOLD', 'SELL']
[181/186] ✓ VEDL.NS: 690 rows, classes=['BUY', 'HOLD', 'SELL']
[182/186] ✓ LTIM.NS: 689 rows, classes=['BUY', 'HOLD', 'SELL']
[183/186] ✓ PERSISTENT.NS: 690 rows, classes=['BUY', 'HOLD', 'SELL']
[184/186] ✓ TATAELXSI.NS: 690 rows, classes=['BUY', 'HOLD', 'SELL']
[185/186] ✓ COFORGE.NS: 690 rows, classes=['BUY', 'HOLD', 'SELL']
[186/186] ✓ OFSS.NS: 690 rows, classes=['BUY', 'HOLD', 'SELL']

============================================================
Done: 186 trained | 0 skipped | 0 errors
Models saved to: /Users/tusharbhatt/Desktop/quantsignal/ml/models
Log saved: /Users/tusharbhatt/Desktop/quantsignal/logs/retrain_log.txt
